>>> from should_dsl import *

>>> [1,2,3] |should| have(1)
True
>>> [1,2] |should| have(3)
Traceback (most recent call last):
    ...
ShouldNotSatisfied: [1, 2] does not have 3
>>> [1,2] |should_not| have(3)
True

>>> 'should' |should_not| have('oul')
Traceback (most recent call last):
    ...
ShouldNotSatisfied: should does have oul

