>>> from should_dsl import DSLObject as _

>>> _(1).should_be.into([1,2,3])
True
>>> _(1).should_not_be.into([1,2,3])
Traceback (most recent call last):
    ...
ShouldNotSatisfied: 1 is into [1, 2, 3]

>>> _(5).should_not_be.into([1,2,3])
True

>>> _(1).should_be.into([2])
Traceback (most recent call last):
    ...
ShouldNotSatisfied: 1 is not into [2]
