>>> from should_dsl import *

>>> def divide_one_by_zero():
...    return 1 / 0
>>> def divide_x_by_y(x, y):
...     return x / y

>>> divide_one_by_zero |should.throw| ZeroDivisionError
True

>>> divide_one_by_zero |should_not.throw| ZeroDivisionError
Traceback (most recent call last):
    ...
ShouldNotSatisfied: <function divide_one_by_zero at ...> throws <type 'exceptions.ZeroDivisionError'>

>>> (divide_x_by_y, 5, 0) |should.throw| ZeroDivisionError
True

>>> [divide_x_by_y, 2, 1] |should.throw| ZeroDivisionError
Traceback (most recent call last):
    ...
ShouldNotSatisfied: [<function divide_x_by_y at ...>, 2, 1] not throws ...ZeroDivisionError...

>>> (divide_x_by_y, 1, 0) |should_not.throw| AttributeError
True

